     1                                  bits 32
     2                                  
     3                                  global start
     4                                  
     5                                  extern exit
     6                                  
     7                                  import exit msvcrt.dll
     8                                  
     9                                  segment data use32 class=data
    10                                  
    11 00000000 FF                          a db 0ffh
    12 00000001 11000000                    b dd 11h
    13 00000005 0001000000000000            c dq 100h
    14                                  
    15                                  segment code use32 class=code
    16                                    
    17                                  start:  
    18 00000000 B800000000                  mov eax, 0
    19                                      
    20 00000005 A0[00000000]                mov al, [a]
    21 0000000A F625[00000000]              mul byte[a]
    22                                      
    23 00000010 2B05[01000000]              sub eax, [b]
    24 00000016 83C007                      add eax, 7
    25                                      
    26 00000019 66BA0200                    mov dx, 2
    27 0000001D 660315[00000000]            add dx, [a]
    28                                      
    29 00000024 66F7F2                      div dx
    30                                      
    31 00000027 0305[05000000]              add eax, dword[c]
    32 0000002D BA00000000                  mov edx, 0
    33 00000032 1305[09000000]              adc eax, dword[c+4]
    34                                  
    35 00000038 6A00                    push dword 0
    36 0000003A FF15[00000000]          call [exit]
