     1                                  bits 32
     2                                  global start
     3                                  
     4                                  extern printf, exit
     5                                  import printf msvcrt.dll
     6                                  import exit msvcrt.dll
     7                                  
     8                                  segment data use32 class=data
     9                                      
    10 00000000 B4000000                    a dd 180
    11 00000004 3200                        b dw 50
    12 00000006 3C25643E206D6F6420-         format db "<%d> mod <%d> = <%d>", 0
    12 0000000F 3C25643E203D203C25-
    12 00000018 643E00             
    13                                      
    14                                  segment code use32 class=code
    15                                  start:
    16 00000000 A1[00000000]                mov eax, [a]
    17 00000005 99                          cdq
    18 00000006 BB00000000                  mov ebx, 0
    19 0000000B 668B1D[04000000]            mov bx, [b]
    20 00000012 98                          cwde
    21                                      
    22 00000013 F7F3                        div ebx
    23                                      
    24 00000015 52                          push edx
    25 00000016 53                          push ebx
    26 00000017 FF35[00000000]              push dword[a]
    27 0000001D 68[06000000]                push format
    28 00000022 FF15[00000000]              call [printf]
    29 00000028 83C408                      add esp, 4 * 2
    30                                      
    31 0000002B 6A00                        push dword 0
    32 0000002D FF15[00000000]              call [exit]
