     1                                  bits 32
     2                                  global start
     3                                  extern exit, fopen, fclose, fread, printf
     4                                  
     5                                  import exit msvcrt.dll
     6                                  import fopen msvcrt.dll
     7                                  import fclose msvcrt.dll
     8                                  import fread msvcrt.dll
     9                                  import printf msvcrt.dll
    10                                  
    11                                  segment data use32 class=data
    12                                  
    13 00000000 496E20746578742073-         format db "In text sunt %d cuvinte.|", 0
    13 00000009 756E74202564206375-
    13 00000012 76696E74652E7C00   
    14 0000001A 746578742E74787400          nume_fisier db "text.txt", 0
    15 00000023 7200                        mod_acces db "r", 0
    16 00000025 <res 00000064>              text resb 100
    17 00000089 01000000                    sizee dd 1
    18 0000008D 64000000                    count dd 100
    19 00000091 <res 00000004>              descriptor resd 1
    20 00000095 00000000                    lth dd 0
    21                                  
    22                                  segment code use32 class=code
    23                                  
    24                                  start:
    25                                      
    26                                      ;FILE * fopen(const char* nume_fisier, const char * mod_acces)
    27 00000000 68[23000000]                push dword mod_acces
    28 00000005 68[1A000000]                push dword nume_fisier
    29 0000000A FF15[00000000]              call [fopen]
    30 00000010 A3[91000000]                mov [descriptor], eax
    31 00000015 83C408                      add esp, 4 * 2
    32                                      
    33                                      ;int fread(void * str, int size, int count, FILE * stream)
    34 00000018 FF35[91000000]              push dword[descriptor]
    35 0000001E FF35[8D000000]              push dword[count]
    36 00000024 FF35[89000000]              push dword[sizee]
    37 0000002A 68[25000000]                push text
    38 0000002F FF15[00000000]              call [fread]
    39 00000035 83C410                      add esp, 4 * 4
    40 00000038 A3[95000000]                mov [lth], eax
    41                                      
    42 0000003D BB00000000                  mov ebx, 0
    43 00000042 BE00000000                  mov esi, 0
    44 00000047 BF00000000                  mov edi, 0
    45 0000004C BA00000000                  mov edx, 0
    46                                      
    47 00000051 8B0D[95000000]              mov ecx, [lth]
    48 00000057 E338                        jecxz final
    49                                      outer:
    50 00000059 80BE[25000000]61                cmp [text + esi], byte'a'
    51 00000060 720C                            jb nu_e_litera
    52 00000062 80BE[25000000]7A                cmp [text + esi], byte'z'
    53 00000069 7703                            ja nu_e_litera
    54                                      
    55 0000006B 47                              inc edi
    56 0000006C EB0B                            jmp fin
    57                                          
    58                                          nu_e_litera:
    59                                          
    60 0000006E 83FF00                          cmp edi, 0
    61 00000071 7401                            je nu_e_cuv
    62 00000073 43                                  inc ebx
    63                                          nu_e_cuv:        
    64 00000074 BF00000000                      mov edi, 0 
    65                                          
    66                                          fin:
    67 00000079 46                              inc esi
    68                                          
    69 0000007A E2DD                        loop outer
    70                                      
    71 0000007C 83FF00                      cmp edi, 0
    72 0000007F 7401                        je n_c
    73 00000081 43                              inc ebx
    74                                      n_c:
    75                                      
    76 00000082 53                          push dword ebx
    77 00000083 68[00000000]                push format
    78 00000088 FF15[00000000]              call [printf]
    79 0000008E 83C408                      add esp, 4 * 2
    80                                      
    81                                      
    82                                      final:
    83                                      
    84 00000091 FF35[91000000]              push dword[descriptor]
    85 00000097 FF15[00000000]              call [fclose]
    86 0000009D 83C404                      add esp, 4 * 1
    87                                      
    88 000000A0 6A00                        push dword 0
    89 000000A2 FF15[00000000]              call [exit]
    90                                      
    91                                      
    92                                      
    93                                      
    94                                      
